using System;
using System.Collections.Generic;
using System.Diagnostics.Contracts;
using System.Linq;
using Funcky.Extensions;

namespace Funcky.Extensions
{
    public static partial class EnumerableExtensions
    {
        [Pure]
        public static string ConcatToString<T>(this IEnumerable<T> source)
            => string.Concat(source);

        [Pure]
        public static string JoinToString<T>(this IEnumerable<T> source, string separator)
            => string.Join(separator, source);    }
}

namespace ConsoleApplication1
{
    class Program
    {
        const string Empty = "";

        private void Syntax()
        {
            var strings = new []{ "A", "B", "B", "A"};

            var joined = strings.ConcatToString();
        }
    }
}
