using System;
using System.Linq;
using Funcky.CodeAnalysis;

namespace ConsoleApplication1
{
    class Program
    {
        private void Syntax()
        {
            Method(x: 10, y: 20);
            Method(x: 10, y: 20);
            Method(
                x: 10, y: 20);
            Method(
                x: 10,
                y: 20);
            MethodWithKeywordAsArgument(@int: 10);
        }

        [UseWithArgumentNames]
        private void Method(int x, int y) { }

        [UseWithArgumentNames]
        private void MethodWithKeywordAsArgument(int @int) { }
    }
}

namespace Funcky.CodeAnalysis
{
    [AttributeUsage(AttributeTargets.Method)]
    internal sealed class UseWithArgumentNamesAttribute : Attribute { }
}
